// Jest Snapshot v1, https://goo.gl/fbAQLP

exports[`HotelCard correctly renders after relaunch 1`] = `
<div
  className="property__gallery"
>
  <div
    className="property__image-wrapper"
  >
    <img
      alt="Photo studio"
      className="property__image"
      src="img/room.jpg"
    />
  </div>
  <div
    className="property__image-wrapper"
  >
    <img
      alt="Photo studio"
      className="property__image"
      src="img/apartment-01.jpg"
    />
  </div>
  <div
    className="property__image-wrapper"
  >
    <img
      alt="Photo studio"
      className="property__image"
      src="img/apartment-02.jpg"
    />
  </div>
</div>
`;
