// Jest Snapshot v1, https://goo.gl/fbAQLP

exports[`Host correctly renders after relaunch 1`] = `
<div
  className="property__host"
>
  <h2
    className="property__host-title"
  >
    Meet the host
  </h2>
  <div
    className="property__host-user user"
  >
    <div
      className="property__avatar-wrapper property__avatar-wrapper--pro user__avatar-wrapper"
    >
      <img
        alt="Host avatar"
        className="property__avatar user__avatar"
        height="74"
        src="//fff.jpg"
        width="74"
      />
    </div>
    <span
      className="property__user-name"
    >
      Nadia
    </span>
    <span
      className="property__user-status"
    >
      Pro
    </span>
  </div>
  <div
    className="property__description"
  >
    <p
      className="property__text"
    >
      bla bla 
    </p>
  </div>
</div>
`;
