// Jest Snapshot v1, https://goo.gl/fbAQLP

exports[`Map component tests Component render correctly 1`] = `ReactWrapper {}`;
