// Jest Snapshot v1, https://goo.gl/fbAQLP

exports[`Maps correctly renders after relaunch 1`] = `null`;
